{"sessionId":"046601","runId":"pre-fix","hypothesisId":"H2_route_registered","location":"routes.go:RegisterHandlers","message":"registering routes (realname submit expected)","data":{"expectedMethod":"POST","expectedPath":"/api/v1/user/realname/submit"},"timestamp":1776309652549}
{"sessionId":"046601","runId":"pre-fix","hypothesisId":"H3_notfound","location":"user.go:WithNotFoundHandler","message":"request hit not-found handler","data":{"method":"POST","path":"/api/vl/user/realname/submit"},"timestamp":1776309668173}
{"sessionId":"046601","runId":"pre-fix","hypothesisId":"H1_handler_hit","location":"submit_realname_handler.go:SubmitRealNameHandler","message":"handler entered","data":{"method":"POST","path":"/api/v1/user/realname/submit"},"timestamp":1776309886012}
{"sessionId":"046601","runId":"pre-fix","hypothesisId":"H1_handler_hit","location":"submit_realname_handler.go:SubmitRealNameHandler","message":"handler entered","data":{"method":"POST","path":"/api/v1/user/realname/submit"},"timestamp":1776309894953}
{"sessionId":"046601","runId":"pre-fix","hypothesisId":"H2_route_registered","location":"routes.go:RegisterHandlers","message":"registering routes (realname submit expected)","data":{"expectedMethod":"POST","expectedPath":"/api/v1/user/realname/submit"},"timestamp":1776311927394}
{"sessionId":"046601","runId":"pre-fix","hypothesisId":"H2_route_registered","location":"routes.go:RegisterHandlers","message":"registering routes (realname submit expected)","data":{"expectedMethod":"POST","expectedPath":"/api/v1/user/realname/submit"},"timestamp":1776311969964}
{"sessionId":"046601","runId":"pre-fix","hypothesisId":"H2_route_registered","location":"routes.go:RegisterHandlers","message":"registering routes (realname submit expected)","data":{"expectedMethod":"POST","expectedPath":"/api/v1/user/realname/submit"},"timestamp":1776312180344}
{"sessionId":"046601","runId":"pre-fix","hypothesisId":"H2_route_registered","location":"routes.go:RegisterHandlers","message":"registering routes (realname submit expected)","data":{"expectedMethod":"POST","expectedPath":"/api/v1/user/realname/submit"},"timestamp":1776325340596}
{"sessionId":"046601","runId":"pre-fix","hypothesisId":"H3_notfound","location":"user.go:WithNotFoundHandler","message":"request hit not-found handler","data":{"method":"POST","path":"/api/v1/device/bind"},"timestamp":1776325441062}
{"sessionId":"046601","runId":"pre-fix","hypothesisId":"H3_notfound","location":"user.go:WithNotFoundHandler","message":"request hit not-found handler","data":{"method":"POST","path":"/api/v1\"/device/bind"},"timestamp":1776325512613}
{"sessionId":"046601","runId":"pre-fix","hypothesisId":"H3_notfound","location":"user.go:WithNotFoundHandler","message":"request hit not-found handler","data":{"method":"POST","path":"/api/v1/device/bind"},"timestamp":1776325524720}
{"sessionId":"046601","runId":"pre-fix","hypothesisId":"H2_route_registered","location":"routes.go:RegisterHandlers","message":"registering routes (realname submit expected)","data":{"expectedMethod":"POST","expectedPath":"/api/v1/user/realname/submit"},"timestamp":1776325792650}
{"sessionId":"046601","runId":"pre-fix","hypothesisId":"H2_route_registered","location":"routes.go:RegisterHandlers","message":"registering routes (realname submit expected)","data":{"expectedMethod":"POST","expectedPath":"/api/v1/user/realname/submit"},"timestamp":1776325993070}
{"sessionId":"046601","runId":"pre-fix","hypothesisId":"H2_route_registered","location":"routes.go:RegisterHandlers","message":"registering routes (realname submit expected)","data":{"expectedMethod":"POST","expectedPath":"/api/v1/user/realname/submit"},"timestamp":1776326203897}
{"sessionId":"046601","runId":"pre-fix","hypothesisId":"H2_route_registered","location":"routes.go:RegisterHandlers","message":"registering routes (realname submit expected)","data":{"expectedMethod":"POST","expectedPath":"/api/v1/user/realname/submit"},"timestamp":1776326418611}
{"sessionId":"046601","runId":"pre-fix","hypothesisId":"H2_route_registered","location":"routes.go:RegisterHandlers","message":"registering routes (realname submit expected)","data":{"expectedMethod":"POST","expectedPath":"/api/v1/user/realname/submit"},"timestamp":1776326660378}
{"sessionId":"046601","runId":"pre-fix","hypothesisId":"H2_route_registered","location":"routes.go:RegisterHandlers","message":"registering routes (realname submit expected)","data":{"expectedMethod":"POST","expectedPath":"/api/v1/user/realname/submit"},"timestamp":1776327238225}
{"sessionId":"046601","runId":"pre-fix","hypothesisId":"H2_route_registered","location":"routes.go:RegisterHandlers","message":"registering routes (realname submit expected)","data":{"expectedMethod":"POST","expectedPath":"/api/v1/user/realname/submit"},"timestamp":1776327375036}
{"sessionId":"046601","runId":"pre-fix","hypothesisId":"H2_route_registered","location":"routes.go:RegisterHandlers","message":"registering routes (realname submit expected)","data":{"expectedMethod":"POST","expectedPath":"/api/v1/user/realname/submit"},"timestamp":1776327539757}
{"sessionId":"046601","runId":"pre-fix","hypothesisId":"H2_route_registered","location":"routes.go:RegisterHandlers","message":"registering routes (realname submit expected)","data":{"expectedMethod":"POST","expectedPath":"/api/v1/user/realname/submit"},"timestamp":1776327757256}
{"sessionId":"046601","runId":"pre-fix","hypothesisId":"H2_route_registered","location":"routes.go:RegisterHandlers","message":"registering routes (realname submit expected)","data":{"expectedMethod":"POST","expectedPath":"/api/v1/user/realname/submit"},"timestamp":1776327936763}
{"sessionId":"046601","runId":"pre-fix","hypothesisId":"H2_route_registered","location":"routes.go:RegisterHandlers","message":"registering routes (realname submit expected)","data":{"expectedMethod":"POST","expectedPath":"/api/v1/user/realname/submit"},"timestamp":1776328213947}
{"sessionId":"046601","runId":"pre-fix","hypothesisId":"H2_route_registered","location":"routes.go:RegisterHandlers","message":"registering routes (realname submit expected)","data":{"expectedMethod":"POST","expectedPath":"/api/v1/user/realname/submit"},"timestamp":1776328409129}
{"sessionId":"046601","runId":"pre-fix","hypothesisId":"H2_route_registered","location":"routes.go:RegisterHandlers","message":"registering routes (realname submit expected)","data":{"expectedMethod":"POST","expectedPath":"/api/v1/user/realname/submit"},"timestamp":1776328645781}
{"sessionId":"046601","runId":"pre-fix","hypothesisId":"H2_route_registered","location":"routes.go:RegisterHandlers","message":"registering routes (realname submit expected)","data":{"expectedMethod":"POST","expectedPath":"/api/v1/user/realname/submit"},"timestamp":1776328814578}
{"sessionId":"046601","runId":"pre-fix","hypothesisId":"H2_route_registered","location":"routes.go:RegisterHandlers","message":"registering routes (realname submit expected)","data":{"expectedMethod":"POST","expectedPath":"/api/v1/user/realname/submit"},"timestamp":1776329209683}
{"sessionId":"046601","runId":"pre-fix","hypothesisId":"H2_route_registered","location":"routes.go:RegisterHandlers","message":"registering routes (realname submit expected)","data":{"expectedMethod":"POST","expectedPath":"/api/v1/user/realname/submit"},"timestamp":1776329441456}
{"sessionId":"046601","runId":"pre-fix","hypothesisId":"H2_route_registered","location":"routes.go:RegisterHandlers","message":"registering routes (realname submit expected)","data":{"expectedMethod":"POST","expectedPath":"/api/v1/user/realname/submit"},"timestamp":1776329824250}
{"sessionId":"046601","runId":"pre-fix","hypothesisId":"H2_route_registered","location":"routes.go:RegisterHandlers","message":"registering routes (realname submit expected)","data":{"expectedMethod":"POST","expectedPath":"/api/v1/user/realname/submit"},"timestamp":1776330304909}
{"sessionId":"046601","runId":"pre-fix","hypothesisId":"H2_route_registered","location":"routes.go:RegisterHandlers","message":"registering routes (realname submit expected)","data":{"expectedMethod":"POST","expectedPath":"/api/v1/user/realname/submit"},"timestamp":1776331287411}
{"sessionId":"046601","runId":"pre-fix","hypothesisId":"H2_route_registered","location":"routes.go:RegisterHandlers","message":"registering routes (realname submit expected)","data":{"expectedMethod":"POST","expectedPath":"/api/v1/user/realname/submit"},"timestamp":1776333139868}
{"sessionId":"046601","runId":"pre-fix","hypothesisId":"H2_route_registered","location":"routes.go:RegisterHandlers","message":"registering routes (realname submit expected)","data":{"expectedMethod":"POST","expectedPath":"/api/v1/user/realname/submit"},"timestamp":1776334405274}
{"sessionId":"046601","runId":"pre-fix","hypothesisId":"H2_route_registered","location":"routes.go:RegisterHandlers","message":"registering routes (realname submit expected)","data":{"expectedMethod":"POST","expectedPath":"/api/v1/user/realname/submit"},"timestamp":1776391950911}
{"sessionId":"046601","runId":"pre-fix","hypothesisId":"H2_route_registered","location":"routes.go:RegisterHandlers","message":"registering routes (realname submit expected)","data":{"expectedMethod":"POST","expectedPath":"/api/v1/user/realname/submit"},"timestamp":1776411724290}
{"sessionId":"046601","runId":"pre-fix","hypothesisId":"H2_route_registered","location":"routes.go:RegisterHandlers","message":"registering routes (realname submit expected)","data":{"expectedMethod":"POST","expectedPath":"/api/v1/user/realname/submit"},"timestamp":1777261381154}
{"sessionId":"046601","runId":"pre-fix","hypothesisId":"H2_route_registered","location":"routes.go:RegisterHandlers","message":"registering routes (realname submit expected)","data":{"expectedMethod":"POST","expectedPath":"/api/v1/user/realname/submit"},"timestamp":1777342012046}
{"sessionId":"046601","runId":"pre-fix","hypothesisId":"H2_route_registered","location":"routes.go:RegisterHandlers","message":"registering routes (realname submit expected)","data":{"expectedMethod":"POST","expectedPath":"/api/v1/user/realname/submit"},"timestamp":1777428401714}
{"sessionId":"046601","runId":"pre-fix","hypothesisId":"H2_route_registered","location":"routes.go:RegisterHandlers","message":"registering routes (realname submit expected)","data":{"expectedMethod":"POST","expectedPath":"/api/v1/user/realname/submit"},"timestamp":1778034259226}
{"sessionId":"046601","runId":"pre-fix","hypothesisId":"H3_notfound","location":"user.go:WithNotFoundHandler","message":"request hit not-found handler","data":{"method":"GET","path":"/swagger/"},"timestamp":1778059053683}
{"sessionId":"046601","runId":"pre-fix","hypothesisId":"H3_notfound","location":"user.go:WithNotFoundHandler","message":"request hit not-found handler","data":{"method":"GET","path":"/favicon.ico"},"timestamp":1778059054013}
{"sessionId":"046601","runId":"pre-fix","hypothesisId":"H3_notfound","location":"user.go:WithNotFoundHandler","message":"request hit not-found handler","data":{"method":"GET","path":"/swagger/"},"timestamp":1778059153847}
{"sessionId":"046601","runId":"pre-fix","hypothesisId":"H3_notfound","location":"user.go:WithNotFoundHandler","message":"request hit not-found handler","data":{"method":"GET","path":"/@vite/client"},"timestamp":1778059153941}
{"sessionId":"046601","runId":"pre-fix","hypothesisId":"H2_route_registered","location":"routes.go:RegisterHandlers","message":"registering routes (realname submit expected)","data":{"expectedMethod":"POST","expectedPath":"/api/v1/user/realname/submit"},"timestamp":1778059195346}
{"sessionId":"046601","runId":"pre-fix","hypothesisId":"H2_route_registered","location":"routes.go:RegisterHandlers","message":"registering routes (realname submit expected)","data":{"expectedMethod":"POST","expectedPath":"/api/v1/user/realname/submit"},"timestamp":1778059255575}
{"sessionId":"046601","runId":"pre-fix","hypothesisId":"H3_notfound","location":"user.go:WithNotFoundHandler","message":"request hit not-found handler","data":{"method":"GET","path":"/swagger/"},"timestamp":1778059275124}
{"sessionId":"046601","runId":"pre-fix","hypothesisId":"H2_route_registered","location":"routes.go:RegisterHandlers","message":"registering routes (realname submit expected)","data":{"expectedMethod":"POST","expectedPath":"/api/v1/user/realname/submit"},"timestamp":1778059430735}
{"sessionId":"046601","runId":"pre-fix","hypothesisId":"H3_notfound","location":"user.go:WithNotFoundHandler","message":"request hit not-found handler","data":{"method":"GET","path":"/swagger/"},"timestamp":1778059458269}
{"sessionId":"046601","runId":"pre-fix","hypothesisId":"H3_notfound","location":"user.go:WithNotFoundHandler","message":"request hit not-found handler","data":{"method":"GET","path":"/@vite/client"},"timestamp":1778059458556}
{"sessionId":"046601","runId":"pre-fix","hypothesisId":"H3_notfound","location":"user.go:WithNotFoundHandler","message":"request hit not-found handler","data":{"method":"GET","path":"/swagger/"},"timestamp":1778059458707}
{"sessionId":"046601","runId":"pre-fix","hypothesisId":"H3_notfound","location":"user.go:WithNotFoundHandler","message":"request hit not-found handler","data":{"method":"GET","path":"/@vite/client"},"timestamp":1778059458984}
{"sessionId":"046601","runId":"pre-fix","hypothesisId":"H3_notfound","location":"user.go:WithNotFoundHandler","message":"request hit not-found handler","data":{"method":"GET","path":"/swagger/"},"timestamp":1778059460539}
{"sessionId":"046601","runId":"pre-fix","hypothesisId":"H3_notfound","location":"user.go:WithNotFoundHandler","message":"request hit not-found handler","data":{"method":"GET","path":"/@vite/client"},"timestamp":1778059460559}
{"sessionId":"046601","runId":"pre-fix","hypothesisId":"H3_notfound","location":"user.go:WithNotFoundHandler","message":"request hit not-found handler","data":{"method":"GET","path":"/swagger/"},"timestamp":1778059460895}
{"sessionId":"046601","runId":"pre-fix","hypothesisId":"H3_notfound","location":"user.go:WithNotFoundHandler","message":"request hit not-found handler","data":{"method":"GET","path":"/@vite/client"},"timestamp":1778059460960}
{"sessionId":"046601","runId":"pre-fix","hypothesisId":"H3_notfound","location":"user.go:WithNotFoundHandler","message":"request hit not-found handler","data":{"method":"GET","path":"/swagger/"},"timestamp":1778059462648}
{"sessionId":"046601","runId":"pre-fix","hypothesisId":"H3_notfound","location":"user.go:WithNotFoundHandler","message":"request hit not-found handler","data":{"method":"GET","path":"/@vite/client"},"timestamp":1778059462677}
{"sessionId":"046601","runId":"pre-fix","hypothesisId":"H3_notfound","location":"user.go:WithNotFoundHandler","message":"request hit not-found handler","data":{"method":"GET","path":"/swagger/"},"timestamp":1778059464124}
{"sessionId":"046601","runId":"pre-fix","hypothesisId":"H3_notfound","location":"user.go:WithNotFoundHandler","message":"request hit not-found handler","data":{"method":"GET","path":"/@vite/client"},"timestamp":1778059464148}
{"sessionId":"046601","runId":"pre-fix","hypothesisId":"H3_notfound","location":"user.go:WithNotFoundHandler","message":"request hit not-found handler","data":{"method":"GET","path":"/swagger/"},"timestamp":1778059479354}
{"sessionId":"046601","runId":"pre-fix","hypothesisId":"H3_notfound","location":"user.go:WithNotFoundHandler","message":"request hit not-found handler","data":{"method":"GET","path":"/swagger/"},"timestamp":1778059479499}
{"sessionId":"046601","runId":"pre-fix","hypothesisId":"H3_notfound","location":"user.go:WithNotFoundHandler","message":"request hit not-found handler","data":{"method":"GET","path":"/@vite/client"},"timestamp":1778059479644}
{"sessionId":"046601","runId":"pre-fix","hypothesisId":"H3_notfound","location":"user.go:WithNotFoundHandler","message":"request hit not-found handler","data":{"method":"GET","path":"/swagger/"},"timestamp":1778059479898}
{"sessionId":"046601","runId":"pre-fix","hypothesisId":"H3_notfound","location":"user.go:WithNotFoundHandler","message":"request hit not-found handler","data":{"method":"GET","path":"/@vite/client"},"timestamp":1778059479923}
{"sessionId":"046601","runId":"pre-fix","hypothesisId":"H3_notfound","location":"user.go:WithNotFoundHandler","message":"request hit not-found handler","data":{"method":"GET","path":"/swagger/"},"timestamp":1778059480135}
{"sessionId":"046601","runId":"pre-fix","hypothesisId":"H3_notfound","location":"user.go:WithNotFoundHandler","message":"request hit not-found handler","data":{"method":"GET","path":"/@vite/client"},"timestamp":1778059480910}
{"sessionId":"046601","runId":"pre-fix","hypothesisId":"H3_notfound","location":"user.go:WithNotFoundHandler","message":"request hit not-found handler","data":{"method":"GET","path":"/swagger/doc.json"},"timestamp":1778059508783}
{"sessionId":"046601","runId":"pre-fix","hypothesisId":"H2_route_registered","location":"routes.go:RegisterHandlers","message":"registering routes (realname submit expected)","data":{"expectedMethod":"POST","expectedPath":"/api/v1/user/realname/submit"},"timestamp":1778059573422}
{"sessionId":"046601","runId":"pre-fix","hypothesisId":"H3_notfound","location":"user.go:WithNotFoundHandler","message":"request hit not-found handler","data":{"method":"GET","path":"/swagger/"},"timestamp":1778059615142}
{"sessionId":"046601","runId":"pre-fix","hypothesisId":"H2_route_registered","location":"routes.go:RegisterHandlers","message":"registering routes (realname submit expected)","data":{"expectedMethod":"POST","expectedPath":"/api/v1/user/realname/submit"},"timestamp":1778059685169}
{"sessionId":"046601","runId":"pre-fix","hypothesisId":"H3_notfound","location":"user.go:WithNotFoundHandler","message":"request hit not-found handler","data":{"method":"GET","path":"/@vite/client"},"timestamp":1778059708518}
{"sessionId":"046601","runId":"pre-fix","hypothesisId":"H2_route_registered","location":"routes.go:RegisterHandlers","message":"registering routes (realname submit expected)","data":{"expectedMethod":"POST","expectedPath":"/api/v1/user/realname/submit"},"timestamp":1778060713981}
{"sessionId":"046601","runId":"pre-fix","hypothesisId":"H3_notfound","location":"user.go:WithNotFoundHandler","message":"request hit not-found handler","data":{"method":"GET","path":"/@vite/client"},"timestamp":1778060721082}
{"sessionId":"046601","runId":"pre-fix","hypothesisId":"H3_notfound","location":"user.go:WithNotFoundHandler","message":"request hit not-found handler","data":{"method":"GET","path":"/@vite/client"},"timestamp":1778060721581}
{"sessionId":"046601","runId":"pre-fix","hypothesisId":"H3_notfound","location":"user.go:WithNotFoundHandler","message":"request hit not-found handler","data":{"method":"GET","path":"/@vite/client"},"timestamp":1778060787234}
{"sessionId":"046601","runId":"pre-fix","hypothesisId":"H2_route_registered","location":"routes.go:RegisterHandlers","message":"registering routes (realname submit expected)","data":{"expectedMethod":"POST","expectedPath":"/api/v1/user/realname/submit"},"timestamp":1778061388129}
{"sessionId":"046601","runId":"pre-fix","hypothesisId":"H3_notfound","location":"user.go:WithNotFoundHandler","message":"request hit not-found handler","data":{"method":"GET","path":"/@vite/client"},"timestamp":1778061428726}
{"sessionId":"046601","runId":"pre-fix","hypothesisId":"H3_notfound","location":"user.go:WithNotFoundHandler","message":"request hit not-found handler","data":{"method":"GET","path":"/@vite/client"},"timestamp":1778063004051}
{"sessionId":"046601","runId":"pre-fix","hypothesisId":"H3_notfound","location":"user.go:WithNotFoundHandler","message":"request hit not-found handler","data":{"method":"GET","path":"/@vite/client"},"timestamp":1778063258492}
{"sessionId":"046601","runId":"pre-fix","hypothesisId":"H3_notfound","location":"user.go:WithNotFoundHandler","message":"request hit not-found handler","data":{"method":"GET","path":"/@vite/client"},"timestamp":1778063914950}
{"sessionId":"046601","runId":"pre-fix","hypothesisId":"H3_notfound","location":"user.go:WithNotFoundHandler","message":"request hit not-found handler","data":{"method":"GET","path":"/@vite/client"},"timestamp":1778064081709}
{"sessionId":"046601","runId":"pre-fix","hypothesisId":"H3_notfound","location":"user.go:WithNotFoundHandler","message":"request hit not-found handler","data":{"method":"GET","path":"/@vite/client"},"timestamp":1778064271773}
{"sessionId":"046601","runId":"pre-fix","hypothesisId":"H2_route_registered","location":"routes.go:RegisterHandlers","message":"registering routes (realname submit expected)","data":{"expectedMethod":"POST","expectedPath":"/api/v1/user/realname/submit"},"timestamp":1778123038758}
{"sessionId":"046601","runId":"pre-fix","hypothesisId":"H2_route_registered","location":"routes.go:RegisterHandlers","message":"registering routes (realname submit expected)","data":{"expectedMethod":"POST","expectedPath":"/api/v1/user/realname/submit"},"timestamp":1778151483893}
